networkaddress.cache.negative.ttl=0
networkaddress.cache.ttl=:1
meine.suß.Pröpertie=42,3
