# We must also recognize commands where the colon was escaped
test.from.env=foo
test.from.file=42
