networkaddress.cache.negative.ttl=0
networkaddress.cache.ttl=nixos
meine.suß.Pröpertie=42,3
