<?xml version="1.0" encoding="UTF-8" standalone="no"?>
<loginIdentityProviders>
  <provider>
    <identifier>login-identity-provider</identifier>
    <class>org.apache.nifi.ldap.LdapProvider</class>
    <property name="Authentication Strategy">LDAPS</property>

    <property name="Manager DN">example user</property>
    <property name="Manager Password">admin-pw= withSpace$%&quot;&apos; &amp;&amp;} ยง</property>

    <property name="Referral Strategy">THROW</property>
    <property name="Connect Timeout">10 secs</property>
    <property name="Read Timeout">10 secs</property>

    <property name="Url">ldaps://openldap.kuttl-test-tidy-asp.svc.cluster.local:1636</property>
    <property name="User Search Base">ou=my users,dc=example,dc=org</property>
    <property name="User Search Filter">uid={0}</property>

    <property name="TLS - Client Auth">NONE</property>
    <property name="TLS - Keystore">/stackable/server_tls/keystore.p12</property>
    <property name="TLS - Keystore Password">secret</property>
    <property name="TLS - Keystore Type">PKCS12</property>
    <property name="TLS - Truststore">/stackable/server_tls/truststore.p12</property>
    <property name="TLS - Truststore Password">secret</property>
    <property name="TLS - Truststore Type">PKCS12</property>
    <property name="TLS - Protocol">TLSv1.2</property>
    <property name="TLS - Shutdown Gracefully">true</property>

    <property name="Identity Strategy">USE_DN</property>
    <property name="Authentication Expiration">7 days</property>
  </provider>
</loginIdentityProviders>
